
============================================================
python : Traceback (most recent call last):
In Zeile:1 Zeichen:1
+ python test_batch_debug.py > test_output.txt 2>&1; Get-Content test_o ...
+ ~~~~~~~~~~~~~~~~~~~~~~~~~~~~~~~~~~~~~~~~~~~~~~~~~
    + CategoryInfo          : NotSpecified: (Traceback (most recent call last)::String) [], RemoteException
    + FullyQualifiedErrorId : NativeCommandError
 
  File "C:\Users\mrieben\Documents\cv_generator\test_batch_debug.py", line 120, in <module>
    result = test_batch_processing()
  File "C:\Users\mrieben\Documents\cv_generator\test_batch_debug.py", line 16, in test_batch_processing
    print("\U0001f9ea Testing Batch Processing with Real Files")
    ~~~~~^^^^^^^^^^^^^^^^^^^^^^^^^^^^^^^^^^^^^^^^^^^^^^^
  File "C:\Users\mrieben\AppData\Local\Programs\Python\Python314\Lib\encodings\cp1252.py", line 19, in encode
    return codecs.charmap_encode(input,self.errors,encoding_table)[0]
           ~~~~~~~~~~~~~~~~~~~~~^^^^^^^^^^^^^^^^^^^^^^^^^^^^^^^^^^
UnicodeEncodeError: 'charmap' codec can't encode character '\U0001f9ea' in position 0: character maps to <undefined>
